Numeric OK
Characters OK
Strings OK
Shuffling OK
Basic Math OK
Large Powers OK
Bitwise OK
Comparison OK
Control Flow OK
