[ 0 1 0 1 ]
[ 0 0 1 1 ]

&
[ 0 0 0 1 ]

|
[ 0 1 1 1 ]

~
[ -1 -2 ]

5 3 &
[ 1 ]

5 3 |
[ 7 ]

5 3 bxor
[ 6 ]
