Stack Shuffling OK
Basic Math OK
Large Powers OK
Derived Math OK
log2 OK
Large log2 OK
Bitwise OK
Logical OK
Comparison OK
Strings OK
Control Flow OK
Folds OK
