Shuffling OK
Derived Math OK
log2 OK
Large log2 OK
Logical OK
Comparison OK
Strings OK
Control Flow OK
Folds OK
