0xF + 0xF = 0x1E
0xF + 0xF = 0x1E
0xF + 0xF = 0x1E
0xF + 0xF = 0x1E
0xDEAD0000 + 0xBEEF = 0xDEADBEEF
0xDEAD0000BEEF + 0xBEEFDEAD0000 = 0xDEADBEEFDEADBEEF
0xFFFFFFFF + 0xFFFFFFFF = 0x1FFFFFFFE
0xFFFFFFFFFFFFFFFF + 0xFFFFFFFFFFFFFFFF = 0x1FFFFFFFFFFFFFFFE
0x7FFFFFFFFFFFFFFF8 + 0x1FFFFFFFFFFFFFFFE = 0x9FFFFFFFFFFFFFFF6
